Flow report for Do_An
Mon Dec 18 12:01:07 2023
Quartus II 64-Bit Version 13.0.1 Build 232 06/12/2013 Service Pack 1 SJ Web Edition


---------------------
; Table of Contents ;
---------------------
  1. Legal Notice
  2. Flow Summary
  3. Flow Settings
  4. Flow Non-Default Global Settings
  5. Flow Elapsed Time
  6. Flow OS Summary
  7. Flow Log
  8. Flow Messages
  9. Flow Suppressed Messages



----------------
; Legal Notice ;
----------------
Copyright (C) 1991-2013 Altera Corporation
Your use of Altera Corporation's design tools, logic functions 
and other software and tools, and its AMPP partner logic 
functions, and any output files from any of the foregoing 
(including device programming or simulation files), and any 
associated documentation or information are expressly subject 
to the terms and conditions of the Altera Program License 
Subscription Agreement, Altera MegaCore Function License 
Agreement, or other applicable license agreement, including, 
without limitation, that your use is for the sole purpose of 
programming logic devices manufactured by Altera and sold by 
Altera or its authorized distributors.  Please refer to the 
applicable agreement for further details.



+--------------------------------------------------------------------------------------+
; Flow Summary                                                                         ;
+------------------------------------+-------------------------------------------------+
; Flow Status                        ; Successful - Mon Dec 18 12:01:07 2023           ;
; Quartus II 64-Bit Version          ; 13.0.1 Build 232 06/12/2013 SP 1 SJ Web Edition ;
; Revision Name                      ; Do_An                                           ;
; Top-level Entity Name              ; security_FPGA                                   ;
; Family                             ; Cyclone II                                      ;
; Total logic elements               ; 237 / 33,216 ( < 1 % )                          ;
;     Total combinational functions  ; 167 / 33,216 ( < 1 % )                          ;
;     Dedicated logic registers      ; 147 / 33,216 ( < 1 % )                          ;
; Total registers                    ; 147                                             ;
; Total pins                         ; 138 / 475 ( 29 % )                              ;
; Total virtual pins                 ; 0                                               ;
; Total memory bits                  ; 81,920 / 483,840 ( 17 % )                       ;
; Embedded Multiplier 9-bit elements ; 0 / 70 ( 0 % )                                  ;
; Total PLLs                         ; 0 / 4 ( 0 % )                                   ;
; Device                             ; EP2C35F672C6                                    ;
; Timing Models                      ; Final                                           ;
+------------------------------------+-------------------------------------------------+


+-----------------------------------------+
; Flow Settings                           ;
+-------------------+---------------------+
; Option            ; Setting             ;
+-------------------+---------------------+
; Start date & time ; 12/18/2023 12:00:50 ;
; Main task         ; Compilation         ;
; Revision Name     ; Do_An               ;
+-------------------+---------------------+


+---------------------------------------------------------------------------------------------------------------------------+
; Flow Non-Default Global Settings                                                                                          ;
+--------------------------------------+---------------------------------+---------------+---------------+------------------+
; Assignment Name                      ; Value                           ; Default Value ; Entity Name   ; Section Id       ;
+--------------------------------------+---------------------------------+---------------+---------------+------------------+
; COMPILER_SIGNATURE_ID                ; 105658700061116.170287565001716 ; --            ; --            ; --               ;
; EDA_DESIGN_INSTANCE_NAME             ; NA                              ; --            ; --            ; security_FPGA_tb ;
; EDA_DESIGN_INSTANCE_NAME             ; NA                              ; --            ; --            ; security_tb      ;
; EDA_DESIGN_INSTANCE_NAME             ; NA                              ; --            ; --            ; user_key_tb      ;
; EDA_DESIGN_INSTANCE_NAME             ; NA                              ; --            ; --            ; memory_array_tb  ;
; EDA_DESIGN_INSTANCE_NAME             ; NA                              ; --            ; --            ; fifo_mem_tb      ;
; EDA_NATIVELINK_SIMULATION_TEST_BENCH ; security_FPGA_tb                ; --            ; --            ; eda_simulation   ;
; EDA_OUTPUT_DATA_FORMAT               ; Verilog Hdl                     ; --            ; --            ; eda_simulation   ;
; EDA_SIMULATION_TOOL                  ; ModelSim-Altera (Verilog)       ; <None>        ; --            ; --               ;
; EDA_TEST_BENCH_ENABLE_STATUS         ; TEST_BENCH_MODE                 ; --            ; --            ; eda_simulation   ;
; EDA_TEST_BENCH_FILE                  ; security_FPGA_tb.v              ; --            ; --            ; security_FPGA_tb ;
; EDA_TEST_BENCH_FILE                  ; security_tb.v                   ; --            ; --            ; security_tb      ;
; EDA_TEST_BENCH_FILE                  ; user_key_tb.v                   ; --            ; --            ; user_key_tb      ;
; EDA_TEST_BENCH_FILE                  ; memory_array_tb.v               ; --            ; --            ; memory_array_tb  ;
; EDA_TEST_BENCH_FILE                  ; fifo_mem_tb.v                   ; --            ; --            ; fifo_mem_tb      ;
; EDA_TEST_BENCH_MODULE_NAME           ; security_FPGA_tb                ; --            ; --            ; security_FPGA_tb ;
; EDA_TEST_BENCH_MODULE_NAME           ; security_tb                     ; --            ; --            ; security_tb      ;
; EDA_TEST_BENCH_MODULE_NAME           ; user_key_tb                     ; --            ; --            ; user_key_tb      ;
; EDA_TEST_BENCH_MODULE_NAME           ; memory_array_tb                 ; --            ; --            ; memory_array_tb  ;
; EDA_TEST_BENCH_MODULE_NAME           ; fifo_mem_tb                     ; --            ; --            ; fifo_mem_tb      ;
; EDA_TEST_BENCH_NAME                  ; security_FPGA_tb                ; --            ; --            ; eda_simulation   ;
; EDA_TEST_BENCH_NAME                  ; security_tb                     ; --            ; --            ; eda_simulation   ;
; EDA_TEST_BENCH_NAME                  ; user_key_tb                     ; --            ; --            ; eda_simulation   ;
; EDA_TEST_BENCH_NAME                  ; memory_array_tb                 ; --            ; --            ; eda_simulation   ;
; EDA_TEST_BENCH_NAME                  ; fifo_mem_tb                     ; --            ; --            ; eda_simulation   ;
; EDA_TIME_SCALE                       ; 1 ns                            ; --            ; --            ; eda_simulation   ;
; PARTITION_COLOR                      ; 16764057                        ; --            ; security_FPGA ; Top              ;
; PARTITION_FITTER_PRESERVATION_LEVEL  ; PLACEMENT_AND_ROUTING           ; --            ; security_FPGA ; Top              ;
; PARTITION_NETLIST_TYPE               ; SOURCE                          ; --            ; security_FPGA ; Top              ;
; PROJECT_OUTPUT_DIRECTORY             ; output_files                    ; --            ; --            ; --               ;
; TOP_LEVEL_ENTITY                     ; security_FPGA                   ; Do_An         ; --            ; --               ;
+--------------------------------------+---------------------------------+---------------+---------------+------------------+


+-------------------------------------------------------------------------------------------------------------------------------+
; Flow Elapsed Time                                                                                                             ;
+---------------------------+--------------+-------------------------+---------------------+------------------------------------+
; Module Name               ; Elapsed Time ; Average Processors Used ; Peak Virtual Memory ; Total CPU Time (on all processors) ;
+---------------------------+--------------+-------------------------+---------------------+------------------------------------+
; Analysis & Synthesis      ; 00:00:05     ; 1.0                     ; 4726 MB             ; 00:00:03                           ;
; Fitter                    ; 00:00:06     ; 1.0                     ; 4894 MB             ; 00:00:05                           ;
; Assembler                 ; 00:00:01     ; 1.0                     ; 4557 MB             ; 00:00:01                           ;
; TimeQuest Timing Analyzer ; 00:00:01     ; 1.0                     ; 4548 MB             ; 00:00:00                           ;
; EDA Netlist Writer        ; 00:00:01     ; 1.0                     ; 4515 MB             ; 00:00:00                           ;
; Total                     ; 00:00:14     ; --                      ; --                  ; 00:00:09                           ;
+---------------------------+--------------+-------------------------+---------------------+------------------------------------+


+----------------------------------------------------------------------------------------+
; Flow OS Summary                                                                        ;
+---------------------------+------------------+-----------+------------+----------------+
; Module Name               ; Machine Hostname ; OS Name   ; OS Version ; Processor type ;
+---------------------------+------------------+-----------+------------+----------------+
; Analysis & Synthesis      ; DNOMAN           ; Windows 7 ; 6.2        ; x86_64         ;
; Fitter                    ; DNOMAN           ; Windows 7 ; 6.2        ; x86_64         ;
; Assembler                 ; DNOMAN           ; Windows 7 ; 6.2        ; x86_64         ;
; TimeQuest Timing Analyzer ; DNOMAN           ; Windows 7 ; 6.2        ; x86_64         ;
; EDA Netlist Writer        ; DNOMAN           ; Windows 7 ; 6.2        ; x86_64         ;
+---------------------------+------------------+-----------+------------+----------------+


------------
; Flow Log ;
------------
quartus_map --read_settings_files=on --write_settings_files=off Do_An -c Do_An
quartus_fit --read_settings_files=off --write_settings_files=off Do_An -c Do_An
quartus_asm --read_settings_files=off --write_settings_files=off Do_An -c Do_An
quartus_sta Do_An -c Do_An
quartus_eda --read_settings_files=off --write_settings_files=off Do_An -c Do_An



